Starting Gemini Integration Tests...

--- Test 1: Create RFP from Natural Language ---
Input: "I need 50 ergonomic chairs and 10 standing desks for the new sales office. Budget is around $20,000. Need them by end of next month."
node : Error in createRFPFromNaturalLanguage: 
GoogleGenerativeAIFetchError: 
[GoogleGenerativeAI Error]: Error fetching from 
https://generativelanguage.googleapis.com/v1beta
/models/gemini-pro:generateContent: [404 Not 
Found] models/gemini-pro is not found for API 
version v1beta, or is not supported for 
generateContent. Call ListModels to see the 
list of available models and their supported 
methods.
At line:1 char:64
+ ... 4wg8319e6XgU'; node 
test-gemini-integration.js > test_output.txt 
2>&1
+                    ~~~~~~~~~~~~~~~~~~~~~~~~~~~
~~~~~~~~~~~~~~~~~~~~~~~~~~~
    + CategoryInfo          : NotSpecified: (Er 
   ror in create...ported methods.:String) [],  
   RemoteException
    + FullyQualifiedErrorId : NativeCommandErro 
   r
 
    at handleResponseNotOk (C:\Users\Aditya\Desk
top\internship_proj\backend\node_modules\@google
\generative-ai\dist\index.js:434:11)
    at process.processTicksAndRejections 
(node:internal/process/task_queues:105:5)
    at async makeRequest (C:\Users\Aditya\Deskto
p\internship_proj\backend\node_modules\@google\g
enerative-ai\dist\index.js:403:9)
    at async generateContent (C:\Users\Aditya\De
sktop\internship_proj\backend\node_modules\@goog
le\generative-ai\dist\index.js:867:22)
    at async 
Object.createRFPFromNaturalLanguage (C:\Users\Ad
itya\Desktop\internship_proj\backend\services\ai
Service.js:67:20)
    at async runTests (C:\Users\Aditya\Desktop\i
nternship_proj\backend\test-gemini-integration.j
s:17:21) {
  status: 404,
  statusText: 'Not Found',
  errorDetails: undefined
}
Γ¥î Test 1 Failed with error: Failed to create 
RFP from natural language

--- Test 2: Parse Vendor Response ---
Input Email Body: Hi there,
      
      Thanks for the opportunity. We can supply the ergonomic chairs for $250 each ...
Error in parseVendorResponse: 
GoogleGenerativeAIFetchError: 
[GoogleGenerativeAI Error]: Error fetching from 
https://generativelanguage.googleapis.com/v1beta
/models/gemini-pro:generateContent: [404 Not 
Found] models/gemini-pro is not found for API 
version v1beta, or is not supported for 
generateContent. Call ListModels to see the 
list of available models and their supported 
methods.
    at handleResponseNotOk (C:\Users\Aditya\Desk
top\internship_proj\backend\node_modules\@google
\generative-ai\dist\index.js:434:11)
    at process.processTicksAndRejections 
(node:internal/process/task_queues:105:5)
    at async makeRequest (C:\Users\Aditya\Deskto
p\internship_proj\backend\node_modules\@google\g
enerative-ai\dist\index.js:403:9)
    at async generateContent (C:\Users\Aditya\De
sktop\internship_proj\backend\node_modules\@goog
le\generative-ai\dist\index.js:867:22)
    at async Object.parseVendorResponse (C:\User
s\Aditya\Desktop\internship_proj\backend\service
s\aiService.js:113:20)
    at async runTests (C:\Users\Aditya\Desktop\i
nternship_proj\backend\test-gemini-integration.j
s:47:24) {
  status: 404,
  statusText: 'Not Found',
  errorDetails: undefined
}
Γ¥î Test 2 Failed with error: Failed to parse 
vendor response

--- Test 3: Generate Proposal Comparison ---
Comparing 2 proposals...
Error in generateProposalComparison: 
GoogleGenerativeAIFetchError: 
[GoogleGenerativeAI Error]: Error fetching from 
https://generativelanguage.googleapis.com/v1beta
/models/gemini-pro:generateContent: [404 Not 
Found] models/gemini-pro is not found for API 
version v1beta, or is not supported for 
generateContent. Call ListModels to see the 
list of available models and their supported 
methods.
    at handleResponseNotOk (C:\Users\Aditya\Desk
top\internship_proj\backend\node_modules\@google
\generative-ai\dist\index.js:434:11)
    at process.processTicksAndRejections 
(node:internal/process/task_queues:105:5)
    at async makeRequest (C:\Users\Aditya\Deskto
p\internship_proj\backend\node_modules\@google\g
enerative-ai\dist\index.js:403:9)
    at async generateContent (C:\Users\Aditya\De
sktop\internship_proj\backend\node_modules\@goog
le\generative-ai\dist\index.js:867:22)
    at async Object.generateProposalComparison (
C:\Users\Aditya\Desktop\internship_proj\backend\
services\aiService.js:160:20)
    at async runTests (C:\Users\Aditya\Desktop\i
nternship_proj\backend\test-gemini-integration.j
s:92:28) {
  status: 404,
  statusText: 'Not Found',
  errorDetails: undefined
}
Γ¥î Test 3 Failed with error: Failed to 
generate proposal comparison
